Archive member included to satisfy reference by file (symbol)

d:/stm32cubeide_1.7.0/stm32cubeide/plugins/com.st.stm32cube.ide.mcu.externaltools.gnu-tools-for-stm32.9-2020-q2-update.win32_2.0.0.202105311346/tools/bin/../lib/gcc/arm-none-eabi/9.3.1/../../../../arm-none-eabi/lib/thumb/v7-m/nofp\libc_nano.a(lib_a-errno.o)
                              ./Core/Src/syscalls.o (__errno)
d:/stm32cubeide_1.7.0/stm32cubeide/plugins/com.st.stm32cube.ide.mcu.externaltools.gnu-tools-for-stm32.9-2020-q2-update.win32_2.0.0.202105311346/tools/bin/../lib/gcc/arm-none-eabi/9.3.1/../../../../arm-none-eabi/lib/thumb/v7-m/nofp\libc_nano.a(lib_a-exit.o)
                              d:/stm32cubeide_1.7.0/stm32cubeide/plugins/com.st.stm32cube.ide.mcu.externaltools.gnu-tools-for-stm32.9-2020-q2-update.win32_2.0.0.202105311346/tools/bin/../lib/gcc/arm-none-eabi/9.3.1/../../../../arm-none-eabi/lib/thumb/v7-m/nofp/crt0.o (exit)
d:/stm32cubeide_1.7.0/stm32cubeide/plugins/com.st.stm32cube.ide.mcu.externaltools.gnu-tools-for-stm32.9-2020-q2-update.win32_2.0.0.202105311346/tools/bin/../lib/gcc/arm-none-eabi/9.3.1/../../../../arm-none-eabi/lib/thumb/v7-m/nofp\libc_nano.a(lib_a-impure.o)
                              d:/stm32cubeide_1.7.0/stm32cubeide/plugins/com.st.stm32cube.ide.mcu.externaltools.gnu-tools-for-stm32.9-2020-q2-update.win32_2.0.0.202105311346/tools/bin/../lib/gcc/arm-none-eabi/9.3.1/../../../../arm-none-eabi/lib/thumb/v7-m/nofp\libc_nano.a(lib_a-exit.o) (_global_impure_ptr)
d:/stm32cubeide_1.7.0/stm32cubeide/plugins/com.st.stm32cube.ide.mcu.externaltools.gnu-tools-for-stm32.9-2020-q2-update.win32_2.0.0.202105311346/tools/bin/../lib/gcc/arm-none-eabi/9.3.1/../../../../arm-none-eabi/lib/thumb/v7-m/nofp\libc_nano.a(lib_a-init.o)
                              d:/stm32cubeide_1.7.0/stm32cubeide/plugins/com.st.stm32cube.ide.mcu.externaltools.gnu-tools-for-stm32.9-2020-q2-update.win32_2.0.0.202105311346/tools/bin/../lib/gcc/arm-none-eabi/9.3.1/../../../../arm-none-eabi/lib/thumb/v7-m/nofp/crt0.o (__libc_init_array)
d:/stm32cubeide_1.7.0/stm32cubeide/plugins/com.st.stm32cube.ide.mcu.externaltools.gnu-tools-for-stm32.9-2020-q2-update.win32_2.0.0.202105311346/tools/bin/../lib/gcc/arm-none-eabi/9.3.1/../../../../arm-none-eabi/lib/thumb/v7-m/nofp\libc_nano.a(lib_a-malloc.o)
                              ./Core/Src/scheduler.o (malloc)
d:/stm32cubeide_1.7.0/stm32cubeide/plugins/com.st.stm32cube.ide.mcu.externaltools.gnu-tools-for-stm32.9-2020-q2-update.win32_2.0.0.202105311346/tools/bin/../lib/gcc/arm-none-eabi/9.3.1/../../../../arm-none-eabi/lib/thumb/v7-m/nofp\libc_nano.a(lib_a-memset.o)
                              d:/stm32cubeide_1.7.0/stm32cubeide/plugins/com.st.stm32cube.ide.mcu.externaltools.gnu-tools-for-stm32.9-2020-q2-update.win32_2.0.0.202105311346/tools/bin/../lib/gcc/arm-none-eabi/9.3.1/../../../../arm-none-eabi/lib/thumb/v7-m/nofp/crt0.o (memset)
d:/stm32cubeide_1.7.0/stm32cubeide/plugins/com.st.stm32cube.ide.mcu.externaltools.gnu-tools-for-stm32.9-2020-q2-update.win32_2.0.0.202105311346/tools/bin/../lib/gcc/arm-none-eabi/9.3.1/../../../../arm-none-eabi/lib/thumb/v7-m/nofp\libc_nano.a(lib_a-nano-freer.o)
                              d:/stm32cubeide_1.7.0/stm32cubeide/plugins/com.st.stm32cube.ide.mcu.externaltools.gnu-tools-for-stm32.9-2020-q2-update.win32_2.0.0.202105311346/tools/bin/../lib/gcc/arm-none-eabi/9.3.1/../../../../arm-none-eabi/lib/thumb/v7-m/nofp\libc_nano.a(lib_a-malloc.o) (_free_r)
d:/stm32cubeide_1.7.0/stm32cubeide/plugins/com.st.stm32cube.ide.mcu.externaltools.gnu-tools-for-stm32.9-2020-q2-update.win32_2.0.0.202105311346/tools/bin/../lib/gcc/arm-none-eabi/9.3.1/../../../../arm-none-eabi/lib/thumb/v7-m/nofp\libc_nano.a(lib_a-nano-mallocr.o)
                              d:/stm32cubeide_1.7.0/stm32cubeide/plugins/com.st.stm32cube.ide.mcu.externaltools.gnu-tools-for-stm32.9-2020-q2-update.win32_2.0.0.202105311346/tools/bin/../lib/gcc/arm-none-eabi/9.3.1/../../../../arm-none-eabi/lib/thumb/v7-m/nofp\libc_nano.a(lib_a-malloc.o) (_malloc_r)
d:/stm32cubeide_1.7.0/stm32cubeide/plugins/com.st.stm32cube.ide.mcu.externaltools.gnu-tools-for-stm32.9-2020-q2-update.win32_2.0.0.202105311346/tools/bin/../lib/gcc/arm-none-eabi/9.3.1/../../../../arm-none-eabi/lib/thumb/v7-m/nofp\libc_nano.a(lib_a-sbrkr.o)
                              d:/stm32cubeide_1.7.0/stm32cubeide/plugins/com.st.stm32cube.ide.mcu.externaltools.gnu-tools-for-stm32.9-2020-q2-update.win32_2.0.0.202105311346/tools/bin/../lib/gcc/arm-none-eabi/9.3.1/../../../../arm-none-eabi/lib/thumb/v7-m/nofp\libc_nano.a(lib_a-nano-mallocr.o) (_sbrk_r)
d:/stm32cubeide_1.7.0/stm32cubeide/plugins/com.st.stm32cube.ide.mcu.externaltools.gnu-tools-for-stm32.9-2020-q2-update.win32_2.0.0.202105311346/tools/bin/../lib/gcc/arm-none-eabi/9.3.1/../../../../arm-none-eabi/lib/thumb/v7-m/nofp\libc_nano.a(lib_a-mlock.o)
[...]
Memory Configuration

Name             Origin             Length             Attributes
RAM              0x0000000020000000 0x0000000000002800 xrw
FLASH            0x0000000008000000 0x0000000000008000 xr
*default*        0x0000000000000000 0xffffffffffffffff

Linker script and memory map

LOAD d:/stm32cubeide_1.7.0/stm32cubeide/plugins/com.st.stm32cube.ide.mcu.externaltools.gnu-tools-for-stm32.9-2020-q2-update.win32_2.0.0.202105311346/tools/bin/../lib/gcc/arm-none-eabi/9.3.1/thumb/v7-m/nofp/crti.o
LOAD d:/stm32cubeide_1.7.0/stm32cubeide/plugins/com.st.stm32cube.ide.mcu.externaltools.gnu-tools-for-stm32.9-2020-q2-update.win32_2.0.0.202105311346/tools/bin/../lib/gcc/arm-none-eabi/9.3.1/thumb/v7-m/nofp/crtbegin.o
LOAD d:/stm32cubeide_1.7.0/stm32cubeide/plugins/com.st.stm32cube.ide.mcu.externaltools.gnu-tools-for-stm32.9-2020-q2-update.win32_2.0.0.202105311346/tools/bin/../lib/gcc/arm-none-eabi/9.3.1/../../../../arm-none-eabi/lib/thumb/v7-m/nofp/crt0.o
LOAD ./Core/Src/button.o
LOAD ./Core/Src/fsm_automatic.o
LOAD ./Core/Src/fsm_manual.o
LOAD ./Core/Src/global.o
LOAD ./Core/Src/led.o
LOAD ./Core/Src/main.o
LOAD ./Core/Src/scheduler.o
LOAD ./Core/Src/software_timer.o
LOAD ./Core/Src/stm32f1xx_hal_msp.o
LOAD ./Core/Src/stm32f1xx_it.o
LOAD ./Core/Src/syscalls.o
LOAD ./Core/Src/sysmem.o
LOAD ./Core/Src/system_stm32f1xx.o
LOAD ./Core/Src/traffic_light.o
LOAD ./Core/Startup/startup_stm32f103c6ux.o
LOAD ./Drivers/STM32F1xx_HAL_Driver/Src/stm32f1xx_hal.o
LOAD ./Drivers/STM32F1xx_HAL_Driver/Src/stm32f1xx_hal_cortex.o
LOAD ./Drivers/STM32F1xx_HAL_Driver/Src/stm32f1xx_hal_dma.o
LOAD ./Drivers/STM32F1xx_HAL_Driver/Src/stm32f1xx_hal_exti.o
LOAD ./Drivers/STM32F1xx_HAL_Driver/Src/stm32f1xx_hal_flash.o
LOAD ./Drivers/STM32F1xx_HAL_Driver/Src/stm32f1xx_hal_flash_ex.o
LOAD ./Drivers/STM32F1xx_HAL_Driver/Src/stm32f1xx_hal_gpio.o
LOAD ./Drivers/STM32F1xx_HAL_Driver/Src/stm32f1xx_hal_gpio_ex.o
LOAD ./Drivers/STM32F1xx_HAL_Driver/Src/stm32f1xx_hal_pwr.o
LOAD ./Drivers/STM32F1xx_HAL_Driver/Src/stm32f1xx_hal_rcc.o
LOAD ./Drivers/STM32F1xx_HAL_Driver/Src/stm32f1xx_hal_rcc_ex.o
LOAD ./Drivers/STM32F1xx_HAL_Driver/Src/stm32f1xx_hal_tim.o
LOAD ./Drivers/STM32F1xx_HAL_Driver/Src/stm32f1xx_hal_tim_ex.o
START GROUP
LOAD d:/stm32cubeide_1.7.0/stm32cubeide/plugins/com.st.stm32cube.ide.mcu.externaltools.gnu-tools-for-stm32.9-2020-q2-update.win32_2.0.0.202105311346/tools/bin/../lib/gcc/arm-none-eabi/9.3.1/../../../../arm-none-eabi/lib/thumb/v7-m/nofp\libc_nano.a
LOAD d:/stm32cubeide_1.7.0/stm32cubeide/plugins/com.st.stm32cube.ide.mcu.externaltools.gnu-tools-for-stm32.9-2020-q2-update.win32_2.0.0.202105311346/tools/bin/../lib/gcc/arm-none-eabi/9.3.1/../../../../arm-none-eabi/lib/thumb/v7-m/nofp\libm.a
END GROUP
START GROUP
LOAD d:/stm32cubeide_1.7.0/stm32cubeide/plugins/com.st.stm32cube.ide.mcu.externaltools.gnu-tools-for-stm32.9-2020-q2-update.win32_2.0.0.202105311346/tools/bin/../lib/gcc/arm-none-eabi/9.3.1/thumb/v7-m/nofp\libgcc.a
LOAD d:/stm32cubeide_1.7.0/stm32cubeide/plugins/com.st.stm32cube.ide.mcu.externaltools.gnu-tools-for-stm32.9-2020-q2-update.win32_2.0.0.202105311346/tools/bin/../lib/gcc/arm-none-eabi/9.3.1/../../../../arm-none-eabi/lib/thumb/v7-m/nofp\libc_nano.a
END GROUP
START GROUP
LOAD d:/stm32cubeide_1.7.0/stm32cubeide/plugins/com.st.stm32cube.ide.mcu.externaltools.gnu-tools-for-stm32.9-2020-q2-update.win32_2.0.0.202105311346/tools/bin/../lib/gcc/arm-none-eabi/9.3.1/thumb/v7-m/nofp\libgcc.a
LOAD d:/stm32cubeide_1.7.0/stm32cubeide/plugins/com.st.stm32cube.ide.mcu.externaltools.gnu-tools-for-stm32.9-2020-q2-update.win32_2.0.0.202105311346/tools/bin/../lib/gcc/arm-none-eabi/9.3.1/../../../../arm-none-eabi/lib/thumb/v7-m/nofp\libc_nano.a
LOAD d:/stm32cubeide_1.7.0/stm32cubeide/plugins/com.st.stm32cube.ide.mcu.externaltools.gnu-tools-for-stm32.9-2020-q2-update.win32_2.0.0.202105311346/tools/bin/../lib/gcc/arm-none-eabi/9.3.1/../../../../arm-none-eabi/lib/thumb/v7-m/nofp\libnosys.a
END GROUP
START GROUP
LOAD d:/stm32cubeide_1.7.0/stm32cubeide/plugins/com.st.stm32cube.ide.mcu.externaltools.gnu-tools-for-stm32.9-2020-q2-update.win32_2.0.0.202105311346/tools/bin/../lib/gcc/arm-none-eabi/9.3.1/thumb/v7-m/nofp\libgcc.a
LOAD d:/stm32cubeide_1.7.0/stm32cubeide/plugins/com.st.stm32cube.ide.mcu.externaltools.gnu-tools-for-stm32.9-2020-q2-update.win32_2.0.0.202105311346/tools/bin/../lib/gcc/arm-none-eabi/9.3.1/../../../../arm-none-eabi/lib/thumb/v7-m/nofp\libc_nano.a
LOAD d:/stm32cubeide_1.7.0/stm32cubeide/plugins/com.st.stm32cube.ide.mcu.externaltools.gnu-tools-for-stm32.9-2020-q2-update.win32_2.0.0.202105311346/tools/bin/../lib/gcc/arm-none-eabi/9.3.1/../../../../arm-none-eabi/lib/thumb/v7-m/nofp\libnosys.a
END GROUP
LOAD d:/stm32cubeide_1.7.0/stm32cubeide/plugins/com.st.stm32cube.ide.mcu.externaltools.gnu-tools-for-stm32.9-2020-q2-update.win32_2.0.0.202105311346/tools/bin/../lib/gcc/arm-none-eabi/9.3.1/thumb/v7-m/nofp/crtend.o
LOAD d:/stm32cubeide_1.7.0/stm32cubeide/plugins/com.st.stm32cube.ide.mcu.externaltools.gnu-tools-for-stm32.9-2020-q2-update.win32_2.0.0.202105311346/tools/bin/../lib/gcc/arm-none-eabi/9.3.1/thumb/v7-m/nofp/crtn.o
                0x0000000020002800                _estack = (ORIGIN (RAM) + LENGTH (RAM))
                0x0000000000000200                _Min_Heap_Size = 0x200
                0x0000000000000400                _Min_Stack_Size = 0x400

.isr_vector     0x0000000008000000      0x10c
                0x0000000008000000                . = ALIGN (0x4)
 *(.isr_vector)
 .isr_vector    0x0000000008000000      0x10c ./Core/Startup/startup_stm32f103c6ux.o
                0x0000000008000000                g_pfnVectors
                0x000000000800010c                . = ALIGN (0x4)

.text           0x000000000800010c     0x3474
                0x000000000800010c                . = ALIGN (0x4)
 *(.text)
 .text          0x000000000800010c       0x40 d:/stm32cubeide_1.7.0/stm32cubeide/plugins/com.st.stm32cube.ide.mcu.externaltools.gnu-tools-for-stm32.9-2020-q2-update.win32_2.0.0.202105311346/tools/bin/../lib/gcc/arm-none-eabi/9.3.1/thumb/v7-m/nofp/crtbegin.o
 *(.text*)
 .text.subKeyProcess
                0x000000000800014c       0x20 ./Core/Src/button.o
                0x000000000800014c                subKeyProcess
 .text.isButtonPressed
                0x000000000800016c       0x34 ./Core/Src/button.o
                0x000000000800016c                isButtonPressed
 .text.getKeyInput
                0x00000000080001a0      0x128 ./Core/Src/button.o
                0x00000000080001a0                getKeyInput
 .text.fsm_automatic_run
                0x00000000080002c8      0x624 ./Core/Src/fsm_automatic.o
                0x00000000080002c8                fsm_automatic_run
 .text.switchMode2
                0x00000000080008ec       0x78 ./Core/Src/fsm_manual.o
                0x00000000080008ec                switchMode2
 .text.switchMode3
                0x0000000008000964       0x78 ./Core/Src/fsm_manual.o
                0x0000000008000964                switchMode3
 .text.switchMode4
                0x00000000080009dc       0x78 ./Core/Src/fsm_manual.o
                0x00000000080009dc                switchMode4
 .text.fsm_manual_run
                0x0000000008000a54      0x45c ./Core/Src/fsm_manual.o
                0x0000000008000a54                fsm_manual_run
 .text.clearLed
                0x0000000008000eb0       0x48 ./Core/Src/led.o
                0x0000000008000eb0                clearLed
 .text.display7SEG
                0x0000000008000ef8      0x30c ./Core/Src/led.o
                0x0000000008000ef8                display7SEG
 .text.update7SEG
                0x0000000008001204      0x138 ./Core/Src/led.o
                0x0000000008001204                update7SEG
 .text.scanLedBuffer
                0x000000000800133c       0x44 ./Core/Src/led.o
                0x000000000800133c                scanLedBuffer
 .text.updateLedBufferVal
                0x0000000008001380       0x34 ./Core/Src/led.o
                0x0000000008001380                updateLedBufferVal
 .text.displayLed
                0x00000000080013b4       0x84 ./Core/Src/led.o
                0x00000000080013b4                displayLed
 .text.main     0x0000000008001438       0x50 ./Core/Src/main.o
                0x0000000008001438                main
 .text.SystemClock_Config
                0x0000000008001488       0x76 ./Core/Src/main.o
                0x0000000008001488                SystemClock_Config
 *fill*         0x00000000080014fe        0x2 
 .text.MX_TIM2_Init
                0x0000000008001500       0x98 ./Core/Src/main.o
 .text.MX_GPIO_Init
                0x0000000008001598       0xe4 ./Core/Src/main.o
 .text.HAL_TIM_PeriodElapsedCallback
                0x000000000800167c       0x20 ./Core/Src/main.o
                0x000000000800167c                HAL_TIM_PeriodElapsedCallback
 .text.Error_Handler
                0x000000000800169c        0xa ./Core/Src/main.o
                0x000000000800169c                Error_Handler
 *fill*         0x00000000080016a6        0x2 
 .text.SCH_Init
                0x00000000080016a8       0x20 ./Core/Src/scheduler.o
                0x00000000080016a8                SCH_Init
 .text.SCH_Update
                0x00000000080016c8       0x68 ./Core/Src/scheduler.o
                0x00000000080016c8                SCH_Update
 .text.SCH_Dispatch_Task
                0x0000000008001730       0x74 ./Core/Src/scheduler.o
                0x0000000008001730                SCH_Dispatch_Task
 .text.SCH_Add_Task
                0x00000000080017a4       0xa8 ./Core/Src/scheduler.o
                0x00000000080017a4                SCH_Add_Task
 .text.SCH_Delete_Task
                0x000000000800184c       0x6c ./Core/Src/scheduler.o
                0x000000000800184c                SCH_Delete_Task
 .text.set_timer
                0x00000000080018b8       0x40 ./Core/Src/software_timer.o
                0x00000000080018b8                set_timer
 .text.is_time_expired
                0x00000000080018f8       0x34 ./Core/Src/software_timer.o
                0x00000000080018f8                is_time_expired
 .text.timer_run
                0x000000000800192c       0x60 ./Core/Src/software_timer.o
                0x000000000800192c                timer_run
 .text.HAL_MspInit
                0x000000000800198c       0x64 ./Core/Src/stm32f1xx_hal_msp.o
                0x000000000800198c                HAL_MspInit
 .text.HAL_TIM_Base_MspInit
                0x00000000080019f0       0x48 ./Core/Src/stm32f1xx_hal_msp.o
                0x00000000080019f0                HAL_TIM_Base_MspInit
 .text.NMI_Handler
                0x0000000008001a38        0x6 ./Core/Src/stm32f1xx_it.o
                0x0000000008001a38                NMI_Handler
 .text.HardFault_Handler
                0x0000000008001a3e        0x6 ./Core/Src/stm32f1xx_it.o
                0x0000000008001a3e                HardFault_Handler
 .text.MemManage_Handler
                0x0000000008001a44        0x6 ./Core/Src/stm32f1xx_it.o
                0x0000000008001a44                MemManage_Handler
 .text.BusFault_Handler
                0x0000000008001a4a        0x6 ./Core/Src/stm32f1xx_it.o
                0x0000000008001a4a                BusFault_Handler
 .text.UsageFault_Handler
                0x0000000008001a50        0x6 ./Core/Src/stm32f1xx_it.o
                0x0000000008001a50                UsageFault_Handler
 .text.SVC_Handler
                0x0000000008001a56        0xc ./Core/Src/stm32f1xx_it.o
                0x0000000008001a56                SVC_Handler
 .text.DebugMon_Handler
                0x0000000008001a62        0xc ./Core/Src/stm32f1xx_it.o
                0x0000000008001a62                DebugMon_Handler
 .text.PendSV_Handler
                0x0000000008001a6e        0xc ./Core/Src/stm32f1xx_it.o
                0x0000000008001a6e                PendSV_Handler
 .text.SysTick_Handler
                0x0000000008001a7a        0xc ./Core/Src/stm32f1xx_it.o
                0x0000000008001a7a                SysTick_Handler
 *fill*         0x0000000008001a86        0x2 
 .text.TIM2_IRQHandler
                0x0000000008001a88       0x14 ./Core/Src/stm32f1xx_it.o
                0x0000000008001a88                TIM2_IRQHandler
 .text._sbrk    0x0000000008001a9c       0x6c ./Core/Src/sysmem.o
                0x0000000008001a9c                _sbrk
 .text.SystemInit
                0x0000000008001b08        0xc ./Core/Src/system_stm32f1xx.o
                0x0000000008001b08                SystemInit
 .text.redx_greeny
                0x0000000008001b14       0x48 ./Core/Src/traffic_light.o
                0x0000000008001b14                redx_greeny
 .text.redx_yellowy
                0x0000000008001b5c       0x48 ./Core/Src/traffic_light.o
                0x0000000008001b5c                redx_yellowy
 .text.greenx_redy
                0x0000000008001ba4       0x48 ./Core/Src/traffic_light.o
                0x0000000008001ba4                greenx_redy
 .text.yellowx_redy
                0x0000000008001bec       0x48 ./Core/Src/traffic_light.o
                0x0000000008001bec                yellowx_redy
 .text.red_man  0x0000000008001c34       0x58 ./Core/Src/traffic_light.o
                0x0000000008001c34                red_man
 .text.yellow_man
                0x0000000008001c8c       0x58 ./Core/Src/traffic_light.o
                0x0000000008001c8c                yellow_man
 .text.green_man
                0x0000000008001ce4       0x58 ./Core/Src/traffic_light.o
                0x0000000008001ce4                green_man
 .text.Reset_Handler
                0x0000000008001d3c       0x48 ./Core/Startup/startup_stm32f103c6ux.o
                0x0000000008001d3c                Reset_Handler
 .text.Default_Handler
                0x0000000008001d84        0x2 ./Core/Startup/startup_stm32f103c6ux.o
                0x0000000008001d84                RTC_Alarm_IRQHandler
                0x0000000008001d84                EXTI2_IRQHandler
                0x0000000008001d84                TIM1_CC_IRQHandler
                0x0000000008001d84                PVD_IRQHandler
                0x0000000008001d84                EXTI3_IRQHandler
                0x0000000008001d84                EXTI0_IRQHandler
                0x0000000008001d84                ADC1_2_IRQHandler
                0x0000000008001d84                SPI1_IRQHandler
                0x0000000008001d84                TAMPER_IRQHandler
                0x0000000008001d84                DMA1_Channel4_IRQHandler
                0x0000000008001d84                RTC_IRQHandler
                0x0000000008001d84                DMA1_Channel7_IRQHandler
                0x0000000008001d84                CAN1_RX1_IRQHandler
                0x0000000008001d84                I2C1_EV_IRQHandler
                0x0000000008001d84                DMA1_Channel6_IRQHandler
                0x0000000008001d84                TIM3_IRQHandler
                0x0000000008001d84                RCC_IRQHandler
                0x0000000008001d84                TIM1_TRG_COM_IRQHandler
                0x0000000008001d84                DMA1_Channel1_IRQHandler
                0x0000000008001d84                Default_Handler
                0x0000000008001d84                EXTI15_10_IRQHandler
                0x0000000008001d84                EXTI9_5_IRQHandler
                0x0000000008001d84                DMA1_Channel5_IRQHandler
                0x0000000008001d84                EXTI4_IRQHandler
                0x0000000008001d84                USB_LP_CAN1_RX0_IRQHandler
                0x0000000008001d84                USB_HP_CAN1_TX_IRQHandler
                0x0000000008001d84                DMA1_Channel3_IRQHandler
                0x0000000008001d84                TIM1_UP_IRQHandler
                0x0000000008001d84                WWDG_IRQHandler
                0x0000000008001d84                TIM1_BRK_IRQHandler
                0x0000000008001d84                EXTI1_IRQHandler
                0x0000000008001d84                USART2_IRQHandler
                0x0000000008001d84                DMA1_Channel2_IRQHandler
                0x0000000008001d84                CAN1_SCE_IRQHandler
                0x0000000008001d84                FLASH_IRQHandler
                0x0000000008001d84                USART1_IRQHandler
                0x0000000008001d84                I2C1_ER_IRQHandler
                0x0000000008001d84                USBWakeUp_IRQHandler
 *fill*         0x0000000008001d86        0x2 
 .text.HAL_Init
                0x0000000008001d88       0x2c ./Drivers/STM32F1xx_HAL_Driver/Src/stm32f1xx_hal.o
                0x0000000008001d88                HAL_Init
 .text.HAL_InitTick
                0x0000000008001db4       0x60 ./Drivers/STM32F1xx_HAL_Driver/Src/stm32f1xx_hal.o
                0x0000000008001db4                HAL_InitTick
 .text.HAL_IncTick
                0x0000000008001e14       0x24 ./Drivers/STM32F1xx_HAL_Driver/Src/stm32f1xx_hal.o
                0x0000000008001e14                HAL_IncTick
 .text.HAL_GetTick
                0x0000000008001e38       0x14 ./Drivers/STM32F1xx_HAL_Driver/Src/stm32f1xx_hal.o
                0x0000000008001e38                HAL_GetTick
 .text.__NVIC_SetPriorityGrouping
                0x0000000008001e4c       0x48 ./Drivers/STM32F1xx_HAL_Driver/Src/stm32f1xx_hal_cortex.o
 .text.__NVIC_GetPriorityGrouping
                0x0000000008001e94       0x1c ./Drivers/STM32F1xx_HAL_Driver/Src/stm32f1xx_hal_cortex.o
 .text.__NVIC_EnableIRQ
                0x0000000008001eb0       0x38 ./Drivers/STM32F1xx_HAL_Driver/Src/stm32f1xx_hal_cortex.o
 .text.__NVIC_SetPriority
                0x0000000008001ee8       0x54 ./Drivers/STM32F1xx_HAL_Driver/Src/stm32f1xx_hal_cortex.o
 .text.NVIC_EncodePriority
                0x0000000008001f3c       0x64 ./Drivers/STM32F1xx_HAL_Driver/Src/stm32f1xx_hal_cortex.o
 .text.SysTick_Config
                0x0000000008001fa0       0x44 ./Drivers/STM32F1xx_HAL_Driver/Src/stm32f1xx_hal_cortex.o
 .text.HAL_NVIC_SetPriorityGrouping
                0x0000000008001fe4       0x16 ./Drivers/STM32F1xx_HAL_Driver/Src/stm32f1xx_hal_cortex.o
                0x0000000008001fe4                HAL_NVIC_SetPriorityGrouping
 .text.HAL_NVIC_SetPriority
                0x0000000008001ffa       0x38 ./Drivers/STM32F1xx_HAL_Driver/Src/stm32f1xx_hal_cortex.o
                0x0000000008001ffa                HAL_NVIC_SetPriority
 .text.HAL_NVIC_EnableIRQ
                0x0000000008002032       0x1c ./Drivers/STM32F1xx_HAL_Driver/Src/stm32f1xx_hal_cortex.o
                0x0000000008002032                HAL_NVIC_EnableIRQ
 .text.HAL_SYSTICK_Config
                0x000000000800204e       0x18 ./Drivers/STM32F1xx_HAL_Driver/Src/stm32f1xx_hal_cortex.o
                0x000000000800204e                HAL_SYSTICK_Config
 *fill*         0x0000000008002066        0x2 
 .text.HAL_GPIO_Init
                0x0000000008002068      0x2f4 ./Drivers/STM32F1xx_HAL_Driver/Src/stm32f1xx_hal_gpio.o
                0x0000000008002068                HAL_GPIO_Init
 .text.HAL_GPIO_ReadPin
                0x000000000800235c       0x2e ./Drivers/STM32F1xx_HAL_Driver/Src/stm32f1xx_hal_gpio.o
                0x000000000800235c                HAL_GPIO_ReadPin
 .text.HAL_GPIO_WritePin
                0x000000000800238a       0x30 ./Drivers/STM32F1xx_HAL_Driver/Src/stm32f1xx_hal_gpio.o
                0x000000000800238a                HAL_GPIO_WritePin
 .text.HAL_GPIO_TogglePin
                0x00000000080023ba       0x32 ./Drivers/STM32F1xx_HAL_Driver/Src/stm32f1xx_hal_gpio.o
                0x00000000080023ba                HAL_GPIO_TogglePin
 .text.HAL_RCC_OscConfig
                0x00000000080023ec      0x500 ./Drivers/STM32F1xx_HAL_Driver/Src/stm32f1xx_hal_rcc.o
                0x00000000080023ec                HAL_RCC_OscConfig
 .text.HAL_RCC_ClockConfig
                0x00000000080028ec      0x1d4 ./Drivers/STM32F1xx_HAL_Driver/Src/stm32f1xx_hal_rcc.o
                0x00000000080028ec                HAL_RCC_ClockConfig
 .text.HAL_RCC_GetSysClockFreq
                0x0000000008002ac0       0xa8 ./Drivers/STM32F1xx_HAL_Driver/Src/stm32f1xx_hal_rcc.o
                0x0000000008002ac0                HAL_RCC_GetSysClockFreq
 .text.RCC_Delay
                0x0000000008002b68       0x3c ./Drivers/STM32F1xx_HAL_Driver/Src/stm32f1xx_hal_rcc.o
 .text.HAL_TIM_Base_Init
                0x0000000008002ba4       0x9e ./Drivers/STM32F1xx_HAL_Driver/Src/stm32f1xx_hal_tim.o
                0x0000000008002ba4                HAL_TIM_Base_Init
 *fill*         0x0000000008002c42        0x2 
 .text.HAL_TIM_Base_Start_IT
                0x0000000008002c44       0x98 ./Drivers/STM32F1xx_HAL_Driver/Src/stm32f1xx_hal_tim.o
                0x0000000008002c44                HAL_TIM_Base_Start_IT
 .text.HAL_TIM_IRQHandler
                0x0000000008002cdc      0x1e0 ./Drivers/STM32F1xx_HAL_Driver/Src/stm32f1xx_hal_tim.o
                0x0000000008002cdc                HAL_TIM_IRQHandler
 .text.HAL_TIM_ConfigClockSource
                0x0000000008002ebc      0x18e ./Drivers/STM32F1xx_HAL_Driver/Src/stm32f1xx_hal_tim.o
                0x0000000008002ebc                HAL_TIM_ConfigClockSource
 .text.HAL_TIM_OC_DelayElapsedCallback
                0x000000000800304a       0x12 ./Drivers/STM32F1xx_HAL_Driver/Src/stm32f1xx_hal_tim.o
                0x000000000800304a                HAL_TIM_OC_DelayElapsedCallback
 .text.HAL_TIM_IC_CaptureCallback
                0x000000000800305c       0x12 ./Drivers/STM32F1xx_HAL_Driver/Src/stm32f1xx_hal_tim.o
                0x000000000800305c                HAL_TIM_IC_CaptureCallback
 .text.HAL_TIM_PWM_PulseFinishedCallback
                0x000000000800306e       0x12 ./Drivers/STM32F1xx_HAL_Driver/Src/stm32f1xx_hal_tim.o
                0x000000000800306e                HAL_TIM_PWM_PulseFinishedCallback
 .text.HAL_TIM_TriggerCallback
                0x0000000008003080       0x12 ./Drivers/STM32F1xx_HAL_Driver/Src/stm32f1xx_hal_tim.o
                0x0000000008003080                HAL_TIM_TriggerCallback
 *fill*         0x0000000008003092        0x2 
 .text.TIM_Base_SetConfig
                0x0000000008003094       0xc8 ./Drivers/STM32F1xx_HAL_Driver/Src/stm32f1xx_hal_tim.o
                0x0000000008003094                TIM_Base_SetConfig
 .text.TIM_TI1_ConfigInputStage
                0x000000000800315c       0x5c ./Drivers/STM32F1xx_HAL_Driver/Src/stm32f1xx_hal_tim.o
 .text.TIM_TI2_ConfigInputStage
                0x00000000080031b8       0x5e ./Drivers/STM32F1xx_HAL_Driver/Src/stm32f1xx_hal_tim.o
 .text.TIM_ITRx_SetConfig
                0x0000000008003216       0x34 ./Drivers/STM32F1xx_HAL_Driver/Src/stm32f1xx_hal_tim.o
 .text.TIM_ETR_SetConfig
                0x000000000800324a       0x3e ./Drivers/STM32F1xx_HAL_Driver/Src/stm32f1xx_hal_tim.o
                0x000000000800324a                TIM_ETR_SetConfig
 .text.HAL_TIMEx_MasterConfigSynchronization
                0x0000000008003288       0xb0 ./Drivers/STM32F1xx_HAL_Driver/Src/stm32f1xx_hal_tim_ex.o
                0x0000000008003288                HAL_TIMEx_MasterConfigSynchronization
 .text.HAL_TIMEx_CommutCallback
                0x0000000008003338       0x12 ./Drivers/STM32F1xx_HAL_Driver/Src/stm32f1xx_hal_tim_ex.o
                0x0000000008003338                HAL_TIMEx_CommutCallback
 .text.HAL_TIMEx_BreakCallback
                0x000000000800334a       0x12 ./Drivers/STM32F1xx_HAL_Driver/Src/stm32f1xx_hal_tim_ex.o
                0x000000000800334a                HAL_TIMEx_BreakCallback
 .text.__errno  0x000000000800335c        0xc d:/stm32cubeide_1.7.0/stm32cubeide/plugins/com.st.stm32cube.ide.mcu.externaltools.gnu-tools-for-stm32.9-2020-q2-update.win32_2.0.0.202105311346/tools/bin/../lib/gcc/arm-none-eabi/9.3.1/../../../../arm-none-eabi/lib/thumb/v7-m/nofp\libc_nano.a(lib_a-errno.o)
                0x000000000800335c                __errno
 .text.__libc_init_array
                0x0000000008003368       0x48 d:/stm32cubeide_1.7.0/stm32cubeide/plugins/com.st.stm32cube.ide.mcu.externaltools.gnu-tools-for-stm32.9-2020-q2-update.win32_2.0.0.202105311346/tools/bin/../lib/gcc/arm-none-eabi/9.3.1/../../../../arm-none-eabi/lib/thumb/v7-m/nofp\libc_nano.a(lib_a-init.o)
                0x0000000008003368                __libc_init_array
 .text.malloc   0x00000000080033b0       0x10 d:/stm32cubeide_1.7.0/stm32cubeide/plugins/com.st.stm32cube.ide.mcu.externaltools.gnu-tools-for-stm32.9-2020-q2-update.win32_2.0.0.202105311346/tools/bin/../lib/gcc/arm-none-eabi/9.3.1/../../../../arm-none-eabi/lib/thumb/v7-m/nofp\libc_nano.a(lib_a-malloc.o)
                0x00000000080033b0                malloc
 .text.free     0x00000000080033c0       0x10 d:/stm32cubeide_1.7.0/stm32cubeide/plugins/com.st.stm32cube.ide.mcu.externaltools.gnu-tools-for-stm32.9-2020-q2-update.win32_2.0.0.202105311346/tools/bin/../lib/gcc/arm-none-eabi/9.3.1/../../../../arm-none-eabi/lib/thumb/v7-m/nofp\libc_nano.a(lib_a-malloc.o)
                0x00000000080033c0                free
 .text.memset   0x00000000080033d0       0x10 d:/stm32cubeide_1.7.0/stm32cubeide/plugins/com.st.stm32cube.ide.mcu.externaltools.gnu-tools-for-stm32.9-2020-q2-update.win32_2.0.0.202105311346/tools/bin/../lib/gcc/arm-none-eabi/9.3.1/../../../../arm-none-eabi/lib/thumb/v7-m/nofp\libc_nano.a(lib_a-memset.o)
                0x00000000080033d0                memset
 .text._free_r  0x00000000080033e0       0x98 d:/stm32cubeide_1.7.0/stm32cubeide/plugins/com.st.stm32cube.ide.mcu.externaltools.gnu-tools-for-stm32.9-2020-q2-update.win32_2.0.0.202105311346/tools/bin/../lib/gcc/arm-none-eabi/9.3.1/../../../../arm-none-eabi/lib/thumb/v7-m/nofp\libc_nano.a(lib_a-nano-freer.o)
                0x00000000080033e0                _free_r
 .text._malloc_r
                0x0000000008003478       0xb4 d:/stm32cubeide_1.7.0/stm32cubeide/plugins/com.st.stm32cube.ide.mcu.externaltools.gnu-tools-for-stm32.9-2020-q2-update.win32_2.0.0.202105311346/tools/bin/../lib/gcc/arm-none-eabi/9.3.1/../../../../arm-none-eabi/lib/thumb/v7-m/nofp\libc_nano.a(lib_a-nano-mallocr.o)
                0x0000000008003478                _malloc_r
 .text._sbrk_r  0x000000000800352c       0x20 d:/stm32cubeide_1.7.0/stm32cubeide/plugins/com.st.stm32cube.ide.mcu.externaltools.gnu-tools-for-stm32.9-2020-q2-update.win32_2.0.0.202105311346/tools/bin/../lib/gcc/arm-none-eabi/9.3.1/../../../../arm-none-eabi/lib/thumb/v7-m/nofp\libc_nano.a(lib_a-sbrkr.o)
                0x000000000800352c                _sbrk_r
 .text.__malloc_lock
                0x000000000800354c        0xc d:/stm32cubeide_1.7.0/stm32cubeide/plugins/com.st.stm32cube.ide.mcu.externaltools.gnu-tools-for-stm32.9-2020-q2-update.win32_2.0.0.202105311346/tools/bin/../lib/gcc/arm-none-eabi/9.3.1/../../../../arm-none-eabi/lib/thumb/v7-m/nofp\libc_nano.a(lib_a-mlock.o)
                0x000000000800354c                __malloc_lock
 .text.__malloc_unlock
                0x0000000008003558        0xc d:/stm32cubeide_1.7.0/stm32cubeide/plugins/com.st.stm32cube.ide.mcu.externaltools.gnu-tools-for-stm32.9-2020-q2-update.win32_2.0.0.202105311346/tools/bin/../lib/gcc/arm-none-eabi/9.3.1/../../../../arm-none-eabi/lib/thumb/v7-m/nofp\libc_nano.a(lib_a-mlock.o)
                0x0000000008003558                __malloc_unlock
 .text.__retarget_lock_acquire_recursive
                0x0000000008003564        0x2 d:/stm32cubeide_1.7.0/stm32cubeide/plugins/com.st.stm32cube.ide.mcu.externaltools.gnu-tools-for-stm32.9-2020-q2-update.win32_2.0.0.202105311346/tools/bin/../lib/gcc/arm-none-eabi/9.3.1/../../../../arm-none-eabi/lib/thumb/v7-m/nofp\libc_nano.a(lib_a-lock.o)
                0x0000000008003564                __retarget_lock_acquire_recursive
 .text.__retarget_lock_release_recursive
                0x0000000008003566        0x2 d:/stm32cubeide_1.7.0/stm32cubeide/plugins/com.st.stm32cube.ide.mcu.externaltools.gnu-tools-for-stm32.9-2020-q2-update.win32_2.0.0.202105311346/tools/bin/../lib/gcc/arm-none-eabi/9.3.1/../../../../arm-none-eabi/lib/thumb/v7-m/nofp\libc_nano.a(lib_a-lock.o)
                0x0000000008003566                __retarget_lock_release_recursive
 *(.glue_7)
 .glue_7        0x0000000008003568        0x0 linker stubs
 *(.glue_7t)
 .glue_7t       0x0000000008003568        0x0 linker stubs
 *(.eh_frame)
 .eh_frame      0x0000000008003568        0x0 d:/stm32cubeide_1.7.0/stm32cubeide/plugins/com.st.stm32cube.ide.mcu.externaltools.gnu-tools-for-stm32.9-2020-q2-update.win32_2.0.0.202105311346/tools/bin/../lib/gcc/arm-none-eabi/9.3.1/thumb/v7-m/nofp/crtbegin.o
 *(.init)
 .init          0x0000000008003568        0x4 d:/stm32cubeide_1.7.0/stm32cubeide/plugins/com.st.stm32cube.ide.mcu.externaltools.gnu-tools-for-stm32.9-2020-q2-update.win32_2.0.0.202105311346/tools/bin/../lib/gcc/arm-none-eabi/9.3.1/thumb/v7-m/nofp/crti.o
                0x0000000008003568                _init
 .init          0x000000000800356c        0x8 d:/stm32cubeide_1.7.0/stm32cubeide/plugins/com.st.stm32cube.ide.mcu.externaltools.gnu-tools-for-stm32.9-2020-q2-update.win32_2.0.0.202105311346/tools/bin/../lib/gcc/arm-none-eabi/9.3.1/thumb/v7-m/nofp/crtn.o
 *(.fini)
 .fini          0x0000000008003574        0x4 d:/stm32cubeide_1.7.0/stm32cubeide/plugins/com.st.stm32cube.ide.mcu.externaltools.gnu-tools-for-stm32.9-2020-q2-update.win32_2.0.0.202105311346/tools/bin/../lib/gcc/arm-none-eabi/9.3.1/thumb/v7-m/nofp/crti.o
                0x0000000008003574                _fini
 .fini          0x0000000008003578        0x8 d:/stm32cubeide_1.7.0/stm32cubeide/plugins/com.st.stm32cube.ide.mcu.externaltools.gnu-tools-for-stm32.9-2020-q2-update.win32_2.0.0.202105311346/tools/bin/../lib/gcc/arm-none-eabi/9.3.1/thumb/v7-m/nofp/crtn.o
                0x0000000008003580                . = ALIGN (0x4)
                0x0000000008003580                _etext = .

.vfp11_veneer   0x0000000008003580        0x0
 .vfp11_veneer  0x0000000008003580        0x0 linker stubs

.v4_bx          0x0000000008003580        0x0
 .v4_bx         0x0000000008003580        0x0 linker stubs

.iplt           0x0000000008003580        0x0
 .iplt          0x0000000008003580        0x0 d:/stm32cubeide_1.7.0/stm32cubeide/plugins/com.st.stm32cube.ide.mcu.externaltools.gnu-tools-for-stm32.9-2020-q2-update.win32_2.0.0.202105311346/tools/bin/../lib/gcc/arm-none-eabi/9.3.1/thumb/v7-m/nofp/crtbegin.o

.rodata         0x0000000008003580       0x24
                0x0000000008003580                . = ALIGN (0x4)
 *(.rodata)
 *(.rodata*)
 .rodata.AHBPrescTable
                0x0000000008003580       0x10 ./Core/Src/system_stm32f1xx.o
                0x0000000008003580                AHBPrescTable
 .rodata.aPLLMULFactorTable.6032
                0x0000000008003590       0x10 ./Drivers/STM32F1xx_HAL_Driver/Src/stm32f1xx_hal_rcc.o
 .rodata.aPredivFactorTable.6033
                0x00000000080035a0        0x2 ./Drivers/STM32F1xx_HAL_Driver/Src/stm32f1xx_hal_rcc.o
                0x00000000080035a4                . = ALIGN (0x4)
 *fill*         0x00000000080035a2        0x2 

.rel.dyn        0x00000000080035a4        0x0
 .rel.iplt      0x00000000080035a4        0x0 d:/stm32cubeide_1.7.0/stm32cubeide/plugins/com.st.stm32cube.ide.mcu.externaltools.gnu-tools-for-stm32.9-2020-q2-update.win32_2.0.0.202105311346/tools/bin/../lib/gcc/arm-none-eabi/9.3.1/thumb/v7-m/nofp/crtbegin.o

.ARM.extab      0x00000000080035a4        0x0
                0x00000000080035a4                . = ALIGN (0x4)
 *(.ARM.extab* .gnu.linkonce.armextab.*)
                0x00000000080035a4                . = ALIGN (0x4)

.ARM            0x00000000080035a4        0x0
                0x00000000080035a4                . = ALIGN (0x4)
                0x00000000080035a4                __exidx_start = .
 *(.ARM.exidx*)
                0x00000000080035a4                __exidx_end = .
                0x00000000080035a4                . = ALIGN (0x4)

.preinit_array  0x00000000080035a4        0x0
                0x00000000080035a4                . = ALIGN (0x4)
                0x00000000080035a4                PROVIDE (__preinit_array_start = .)
 *(.preinit_array*)
                0x00000000080035a4                PROVIDE (__preinit_array_end = .)
                0x00000000080035a4                . = ALIGN (0x4)

.init_array     0x00000000080035a4        0x4
                0x00000000080035a4                . = ALIGN (0x4)
                0x00000000080035a4                PROVIDE (__init_array_start = .)
 *(SORT_BY_NAME(.init_array.*))
 *(.init_array*)
 .init_array    0x00000000080035a4        0x4 d:/stm32cubeide_1.7.0/stm32cubeide/plugins/com.st.stm32cube.ide.mcu.externaltools.gnu-tools-for-stm32.9-2020-q2-update.win32_2.0.0.202105311346/tools/bin/../lib/gcc/arm-none-eabi/9.3.1/thumb/v7-m/nofp/crtbegin.o
                0x00000000080035a8                PROVIDE (__init_array_end = .)
                0x00000000080035a8                . = ALIGN (0x4)

.fini_array     0x00000000080035a8        0x4
                0x00000000080035a8                . = ALIGN (0x4)
                [!provide]                        PROVIDE (__fini_array_start = .)
 *(SORT_BY_NAME(.fini_array.*))
 *(.fini_array*)
 .fini_array    0x00000000080035a8        0x4 d:/stm32cubeide_1.7.0/stm32cubeide/plugins/com.st.stm32cube.ide.mcu.externaltools.gnu-tools-for-stm32.9-2020-q2-update.win32_2.0.0.202105311346/tools/bin/../lib/gcc/arm-none-eabi/9.3.1/thumb/v7-m/nofp/crtbegin.o
                [!provide]                        PROVIDE (__fini_array_end = .)
                0x00000000080035ac                . = ALIGN (0x4)
                0x00000000080035ac                _sidata = LOADADDR (.data)

.data           0x0000000020000000       0xe0 load address 0x00000000080035ac
                0x0000000020000000                . = ALIGN (0x4)
                0x0000000020000000                _sdata = .
 *(.data)
 *(.data*)
 .data.key_reg_0
                0x0000000020000000        0xc ./Core/Src/button.o
                0x0000000020000000                key_reg_0
 .data.key_reg_1
                0x000000002000000c        0xc ./Core/Src/button.o
                0x000000002000000c                key_reg_1
 .data.key_reg_2
                0x0000000020000018        0xc ./Core/Src/button.o
                0x0000000020000018                key_reg_2
 .data.key_reg_3
                0x0000000020000024        0xc ./Core/Src/button.o
                0x0000000020000024                key_reg_3
 .data.time_for_key_press
                0x0000000020000030        0xc ./Core/Src/button.o
                0x0000000020000030                time_for_key_press
 .data.gpio_pin
                0x000000002000003c        0xc ./Core/Src/button.o
                0x000000002000003c                gpio_pin
 .data.gpio_port
                0x0000000020000048        0xc ./Core/Src/button.o
                0x0000000020000048                gpio_port
 .data.red_timer
                0x0000000020000054        0x4 ./Core/Src/global.o
                0x0000000020000054                red_timer
 .data.yellow_timer
                0x0000000020000058        0x4 ./Core/Src/global.o
                0x0000000020000058                yellow_timer
 .data.green_timer
                0x000000002000005c        0x4 ./Core/Src/global.o
                0x000000002000005c                green_timer
 .data.led_buffer
                0x0000000020000060       0x10 ./Core/Src/led.o
                0x0000000020000060                led_buffer
 .data.SystemCoreClock
                0x0000000020000070        0x4 ./Core/Src/system_stm32f1xx.o
                0x0000000020000070                SystemCoreClock
 .data.uwTickPrio
                0x0000000020000074        0x4 ./Drivers/STM32F1xx_HAL_Driver/Src/stm32f1xx_hal.o
                0x0000000020000074                uwTickPrio
 .data.uwTickFreq
                0x0000000020000078        0x1 ./Drivers/STM32F1xx_HAL_Driver/Src/stm32f1xx_hal.o
                0x0000000020000078                uwTickFreq
 *fill*         0x0000000020000079        0x3 
 .data._impure_ptr
                0x000000002000007c        0x4 d:/stm32cubeide_1.7.0/stm32cubeide/plugins/com.st.stm32cube.ide.mcu.externaltools.gnu-tools-for-stm32.9-2020-q2-update.win32_2.0.0.202105311346/tools/bin/../lib/gcc/arm-none-eabi/9.3.1/../../../../arm-none-eabi/lib/thumb/v7-m/nofp\libc_nano.a(lib_a-impure.o)
                0x000000002000007c                _impure_ptr
 .data.impure_data
                0x0000000020000080       0x60 d:/stm32cubeide_1.7.0/stm32cubeide/plugins/com.st.stm32cube.ide.mcu.externaltools.gnu-tools-for-stm32.9-2020-q2-update.win32_2.0.0.202105311346/tools/bin/../lib/gcc/arm-none-eabi/9.3.1/../../../../arm-none-eabi/lib/thumb/v7-m/nofp\libc_nano.a(lib_a-impure.o)
 *(.RamFunc)
 *(.RamFunc*)
                0x00000000200000e0                . = ALIGN (0x4)
                0x00000000200000e0                _edata = .

.igot.plt       0x00000000200000e0        0x0 load address 0x000000000800368c
 .igot.plt      0x00000000200000e0        0x0 d:/stm32cubeide_1.7.0/stm32cubeide/plugins/com.st.stm32cube.ide.mcu.externaltools.gnu-tools-for-stm32.9-2020-q2-update.win32_2.0.0.202105311346/tools/bin/../lib/gcc/arm-none-eabi/9.3.1/thumb/v7-m/nofp/crtbegin.o
                0x00000000200000e0                . = ALIGN (0x4)

.bss            0x00000000200000e0       0xfc load address 0x000000000800368c
                0x00000000200000e0                _sbss = .
                0x00000000200000e0                __bss_start__ = _sbss
 *(.bss)
 .bss           0x00000000200000e0       0x1c d:/stm32cubeide_1.7.0/stm32cubeide/plugins/com.st.stm32cube.ide.mcu.externaltools.gnu-tools-for-stm32.9-2020-q2-update.win32_2.0.0.202105311346/tools/bin/../lib/gcc/arm-none-eabi/9.3.1/thumb/v7-m/nofp/crtbegin.o
 *(.bss*)
 .bss.button_flag
                0x00000000200000fc        0xc ./Core/Src/button.o
                0x00000000200000fc                button_flag
 .bss.timer_man
                0x0000000020000108        0x4 ./Core/Src/fsm_manual.o
                0x0000000020000108                timer_man
 .bss.status    0x000000002000010c        0x4 ./Core/Src/global.o
                0x000000002000010c                status
 .bss.index_led
                0x0000000020000110        0x4 ./Core/Src/led.o
                0x0000000020000110                index_led
 .bss.counter1  0x0000000020000114        0x4 ./Core/Src/led.o
                0x0000000020000114                counter1
 .bss.counter2  0x0000000020000118        0x4 ./Core/Src/led.o
                0x0000000020000118                counter2
 .bss.__sbrk_heap_end
                0x000000002000011c        0x4 ./Core/Src/sysmem.o
 .bss.__malloc_free_list
                0x0000000020000120        0x4 d:/stm32cubeide_1.7.0/stm32cubeide/plugins/com.st.stm32cube.ide.mcu.externaltools.gnu-tools-for-stm32.9-2020-q2-update.win32_2.0.0.202105311346/tools/bin/../lib/gcc/arm-none-eabi/9.3.1/../../../../arm-none-eabi/lib/thumb/v7-m/nofp\libc_nano.a(lib_a-nano-mallocr.o)
                0x0000000020000120                __malloc_free_list
 .bss.__malloc_sbrk_start
                0x0000000020000124        0x4 d:/stm32cubeide_1.7.0/stm32cubeide/plugins/com.st.stm32cube.ide.mcu.externaltools.gnu-tools-for-stm32.9-2020-q2-update.win32_2.0.0.202105311346/tools/bin/../lib/gcc/arm-none-eabi/9.3.1/../../../../arm-none-eabi/lib/thumb/v7-m/nofp\libc_nano.a(lib_a-nano-mallocr.o)
                0x0000000020000124                __malloc_sbrk_start
 *(COMMON)
 COMMON         0x0000000020000128       0x50 ./Core/Src/main.o
                0x0000000020000128                SCH_TaskList
                0x000000002000012c                SCH_Global_tick_counter
                0x0000000020000130                htim2
 COMMON         0x0000000020000178       0x50 ./Core/Src/software_timer.o
                0x0000000020000178                timer_counter
                0x00000000200001a0                timer_flag
 COMMON         0x00000000200001c8        0x4 ./Drivers/STM32F1xx_HAL_Driver/Src/stm32f1xx_hal.o
                0x00000000200001c8                uwTick
 COMMON         0x00000000200001cc        0x4 d:/stm32cubeide_1.7.0/stm32cubeide/plugins/com.st.stm32cube.ide.mcu.externaltools.gnu-tools-for-stm32.9-2020-q2-update.win32_2.0.0.202105311346/tools/bin/../lib/gcc/arm-none-eabi/9.3.1/../../../../arm-none-eabi/lib/thumb/v7-m/nofp\libc_nano.a(lib_a-reent.o)
                0x00000000200001cc                errno
 COMMON         0x00000000200001d0        0x9 d:/stm32cubeide_1.7.0/stm32cubeide/plugins/com.st.stm32cube.ide.mcu.externaltools.gnu-tools-for-stm32.9-2020-q2-update.win32_2.0.0.202105311346/tools/bin/../lib/gcc/arm-none-eabi/9.3.1/../../../../arm-none-eabi/lib/thumb/v7-m/nofp\libc_nano.a(lib_a-lock.o)
                0x00000000200001d0                __lock___atexit_recursive_mutex
                0x00000000200001d1                __lock___arc4random_mutex
                0x00000000200001d2                __lock___env_recursive_mutex
                0x00000000200001d3                __lock___sinit_recursive_mutex
                0x00000000200001d4                __lock___malloc_recursive_mutex
                0x00000000200001d5                __lock___at_quick_exit_mutex
                0x00000000200001d6                __lock___dd_hash_mutex
                0x00000000200001d7                __lock___tz_mutex
                0x00000000200001d8                __lock___sfp_recursive_mutex
                0x00000000200001dc                . = ALIGN (0x4)
 *fill*         0x00000000200001d9        0x3 
                0x00000000200001dc                _ebss = .
                0x00000000200001dc                __bss_end__ = _ebss

._user_heap_stack
                0x00000000200001dc      0x604 load address 0x000000000800368c
                0x00000000200001e0                . = ALIGN (0x8)
 *fill*         0x00000000200001dc        0x4 
                [!provide]                        PROVIDE (end = .)
                0x00000000200001e0                PROVIDE (_end = .)
                0x00000000200003e0                . = (. + _Min_Heap_Size)
 *fill*         0x00000000200001e0      0x200 
                0x00000000200007e0                . = (. + _Min_Stack_Size)
 *fill*         0x00000000200003e0      0x400 
                0x00000000200007e0                . = ALIGN (0x8)

/DISCARD/
 libc.a(*)
 libm.a(*)
 libgcc.a(*)

.ARM.attributes
                0x0000000000000000       0x29
 *(.ARM.attributes)
 .ARM.attributes
                0x0000000000000000       0x1d d:/stm32cubeide_1.7.0/stm32cubeide/plugins/com.st.stm32cube.ide.mcu.externaltools.gnu-tools-for-stm32.9-2020-q2-update.win32_2.0.0.202105311346/tools/bin/../lib/gcc/arm-none-eabi/9.3.1/thumb/v7-m/nofp/crti.o
 .ARM.attributes
                0x000000000000001d       0x2d d:/stm32cubeide_1.7.0/stm32cubeide/plugins/com.st.stm32cube.ide.mcu.externaltools.gnu-tools-for-stm32.9-2020-q2-update.win32_2.0.0.202105311346/tools/bin/../lib/gcc/arm-none-eabi/9.3.1/thumb/v7-m/nofp/crtbegin.o
 .ARM.attributes
                0x000000000000004a       0x2d ./Core/Src/button.o
 .ARM.attributes
                0x0000000000000077       0x2d ./Core/Src/fsm_automatic.o
 .ARM.attributes
                0x00000000000000a4       0x2d ./Core/Src/fsm_manual.o
 .ARM.attributes
                0x00000000000000d1       0x33 ./Core/Src/global.o
 .ARM.attributes
                0x0000000000000104       0x2d ./Core/Src/led.o
 .ARM.attributes
                0x0000000000000131       0x2d ./Core/Src/main.o
 .ARM.attributes
                0x000000000000015e       0x2d ./Core/Src/scheduler.o
 .ARM.attributes
                0x000000000000018b       0x2d ./Core/Src/software_timer.o
 .ARM.attributes
                0x00000000000001b8       0x2d ./Core/Src/stm32f1xx_hal_msp.o
 .ARM.attributes
                0x00000000000001e5       0x2d ./Core/Src/stm32f1xx_it.o
 .ARM.attributes
                0x0000000000000212       0x2d ./Core/Src/sysmem.o
 .ARM.attributes
                0x000000000000023f       0x2d ./Core/Src/system_stm32f1xx.o
 .ARM.attributes
                0x000000000000026c       0x2d ./Core/Src/traffic_light.o
 .ARM.attributes
                0x0000000000000299       0x21 ./Core/Startup/startup_stm32f103c6ux.o
 .ARM.attributes
                0x00000000000002ba       0x2d ./Drivers/STM32F1xx_HAL_Driver/Src/stm32f1xx_hal.o
 .ARM.attributes
                0x00000000000002e7       0x2d ./Drivers/STM32F1xx_HAL_Driver/Src/stm32f1xx_hal_cortex.o
 .ARM.attributes
                0x0000000000000314       0x2d ./Drivers/STM32F1xx_HAL_Driver/Src/stm32f1xx_hal_gpio.o
 .ARM.attributes
                0x0000000000000341       0x2d ./Drivers/STM32F1xx_HAL_Driver/Src/stm32f1xx_hal_rcc.o
 .ARM.attributes
                0x000000000000036e       0x2d ./Drivers/STM32F1xx_HAL_Driver/Src/stm32f1xx_hal_tim.o
 .ARM.attributes
                0x000000000000039b       0x2d ./Drivers/STM32F1xx_HAL_Driver/Src/stm32f1xx_hal_tim_ex.o
 .ARM.attributes
                0x00000000000003c8       0x2d d:/stm32cubeide_1.7.0/stm32cubeide/plugins/com.st.stm32cube.ide.mcu.externaltools.gnu-tools-for-stm32.9-2020-q2-update.win32_2.0.0.202105311346/tools/bin/../lib/gcc/arm-none-eabi/9.3.1/../../../../arm-none-eabi/lib/thumb/v7-m/nofp\libc_nano.a(lib_a-errno.o)
 .ARM.attributes
                0x00000000000003f5       0x2d d:/stm32cubeide_1.7.0/stm32cubeide/plugins/com.st.stm32cube.ide.mcu.externaltools.gnu-tools-for-stm32.9-2020-q2-update.win32_2.0.0.202105311346/tools/bin/../lib/gcc/arm-none-eabi/9.3.1/../../../../arm-none-eabi/lib/thumb/v7-m/nofp\libc_nano.a(lib_a-impure.o)
 .ARM.attributes
                0x0000000000000422       0x2d d:/stm32cubeide_1.7.0/stm32cubeide/plugins/com.st.stm32cube.ide.mcu.externaltools.gnu-tools-for-stm32.9-2020-q2-update.win32_2.0.0.202105311346/tools/bin/../lib/gcc/arm-none-eabi/9.3.1/../../../../arm-none-eabi/lib/thumb/v7-m/nofp\libc_nano.a(lib_a-init.o)
 .ARM.attributes
                0x000000000000044f       0x2d d:/stm32cubeide_1.7.0/stm32cubeide/plugins/com.st.stm32cube.ide.mcu.externaltools.gnu-tools-for-stm32.9-2020-q2-update.win32_2.0.0.202105311346/tools/bin/../lib/gcc/arm-none-eabi/9.3.1/../../../../arm-none-eabi/lib/thumb/v7-m/nofp\libc_nano.a(lib_a-malloc.o)
 .ARM.attributes
                0x000000000000047c       0x2d d:/stm32cubeide_1.7.0/stm32cubeide/plugins/com.st.stm32cube.ide.mcu.externaltools.gnu-tools-for-stm32.9-2020-q2-update.win32_2.0.0.202105311346/tools/bin/../lib/gcc/arm-none-eabi/9.3.1/../../../../arm-none-eabi/lib/thumb/v7-m/nofp\libc_nano.a(lib_a-memset.o)
 .ARM.attributes
                0x00000000000004a9       0x2d d:/stm32cubeide_1.7.0/stm32cubeide/plugins/com.st.stm32cube.ide.mcu.externaltools.gnu-tools-for-stm32.9-2020-q2-update.win32_2.0.0.202105311346/tools/bin/../lib/gcc/arm-none-eabi/9.3.1/../../../../arm-none-eabi/lib/thumb/v7-m/nofp\libc_nano.a(lib_a-nano-freer.o)
 .ARM.attributes
                0x00000000000004d6       0x2d d:/stm32cubeide_1.7.0/stm32cubeide/plugins/com.st.stm32cube.ide.mcu.externaltools.gnu-tools-for-stm32.9-2020-q2-update.win32_2.0.0.202105311346/tools/bin/../lib/gcc/arm-none-eabi/9.3.1/../../../../arm-none-eabi/lib/thumb/v7-m/nofp\libc_nano.a(lib_a-nano-mallocr.o)
 .ARM.attributes
                0x0000000000000503       0x2d d:/stm32cubeide_1.7.0/stm32cubeide/plugins/com.st.stm32cube.ide.mcu.externaltools.gnu-tools-for-stm32.9-2020-q2-update.win32_2.0.0.202105311346/tools/bin/../lib/gcc/arm-none-eabi/9.3.1/../../../../arm-none-eabi/lib/thumb/v7-m/nofp\libc_nano.a(lib_a-sbrkr.o)
 .ARM.attributes
                0x0000000000000530       0x2d d:/stm32cubeide_1.7.0/stm32cubeide/plugins/com.st.stm32cube.ide.mcu.externaltools.gnu-tools-for-stm32.9-2020-q2-update.win32_2.0.0.202105311346/tools/bin/../lib/gcc/arm-none-eabi/9.3.1/../../../../arm-none-eabi/lib/thumb/v7-m/nofp\libc_nano.a(lib_a-mlock.o)
 .ARM.attributes
                0x000000000000055d       0x2d d:/stm32cubeide_1.7.0/stm32cubeide/plugins/com.st.stm32cube.ide.mcu.externaltools.gnu-tools-for-stm32.9-2020-q2-update.win32_2.0.0.202105311346/tools/bin/../lib/gcc/arm-none-eabi/9.3.1/../../../../arm-none-eabi/lib/thumb/v7-m/nofp\libc_nano.a(lib_a-reent.o)
 .ARM.attributes
                0x000000000000058a       0x2d d:/stm32cubeide_1.7.0/stm32cubeide/plugins/com.st.stm32cube.ide.mcu.externaltools.gnu-tools-for-stm32.9-2020-q2-update.win32_2.0.0.202105311346/tools/bin/../lib/gcc/arm-none-eabi/9.3.1/../../../../arm-none-eabi/lib/thumb/v7-m/nofp\libc_nano.a(lib_a-lock.o)
 .ARM.attributes
                0x00000000000005b7       0x1d d:/stm32cubeide_1.7.0/stm32cubeide/plugins/com.st.stm32cube.ide.mcu.externaltools.gnu-tools-for-stm32.9-2020-q2-update.win32_2.0.0.202105311346/tools/bin/../lib/gcc/arm-none-eabi/9.3.1/thumb/v7-m/nofp/crtn.o
OUTPUT(lab4_new.elf elf32-littlearm)
LOAD linker stubs
LOAD d:/stm32cubeide_1.7.0/stm32cubeide/plugins/com.st.stm32cube.ide.mcu.externaltools.gnu-tools-for-stm32.9-2020-q2-update.win32_2.0.0.202105311346/tools/bin/../lib/gcc/arm-none-eabi/9.3.1/../../../../arm-none-eabi/lib/thumb/v7-m/nofp\libc.a
LOAD d:/stm32cubeide_1.7.0/stm32cubeide/plugins/com.st.stm32cube.ide.mcu.externaltools.gnu-tools-for-stm32.9-2020-q2-update.win32_2.0.0.202105311346/tools/bin/../lib/gcc/arm-none-eabi/9.3.1/../../../../arm-none-eabi/lib/thumb/v7-m/nofp\libm.a
LOAD d:/stm32cubeide_1.7.0/stm32cubeide/plugins/com.st.stm32cube.ide.mcu.externaltools.gnu-tools-for-stm32.9-2020-q2-update.win32_2.0.0.202105311346/tools/bin/../lib/gcc/arm-none-eabi/9.3.1/thumb/v7-m/nofp\libgcc.a

.debug_info     0x0000000000000000     0xb5dc
 .debug_info    0x0000000000000000      0x35d ./Core/Src/button.o
 .debug_info    0x000000000000035d      0x20e ./Core/Src/fsm_automatic.o
 .debug_info    0x000000000000056b      0x252 ./Core/Src/fsm_manual.o
 .debug_info    0x00000000000007bd      0x22e ./Core/Src/global.o
 .debug_info    0x00000000000009eb      0x3d2 ./Core/Src/led.o
 .debug_info    0x0000000000000dbd     0x1557 ./Core/Src/main.o
 .debug_info    0x0000000000002314      0xc09 ./Core/Src/scheduler.o
 .debug_info    0x0000000000002f1d       0xfd ./Core/Src/software_timer.o
 .debug_info    0x000000000000301a      0xa09 ./Core/Src/stm32f1xx_hal_msp.o
 .debug_info    0x0000000000003a23      0x7b9 ./Core/Src/stm32f1xx_it.o
 .debug_info    0x00000000000041dc      0xa25 ./Core/Src/sysmem.o
 .debug_info    0x0000000000004c01      0x2be ./Core/Src/system_stm32f1xx.o
 .debug_info    0x0000000000004ebf      0x2ac ./Core/Src/traffic_light.o
 .debug_info    0x000000000000516b       0x22 ./Core/Startup/startup_stm32f103c6ux.o
 .debug_info    0x000000000000518d      0x74c ./Drivers/STM32F1xx_HAL_Driver/Src/stm32f1xx_hal.o
 .debug_info    0x00000000000058d9      0xbbe ./Drivers/STM32F1xx_HAL_Driver/Src/stm32f1xx_hal_cortex.o
 .debug_info    0x0000000000006497      0x701 ./Drivers/STM32F1xx_HAL_Driver/Src/stm32f1xx_hal_gpio.o
 .debug_info    0x0000000000006b98      0x893 ./Drivers/STM32F1xx_HAL_Driver/Src/stm32f1xx_hal_rcc.o
 .debug_info    0x000000000000742b     0x2c32 ./Drivers/STM32F1xx_HAL_Driver/Src/stm32f1xx_hal_tim.o
 .debug_info    0x000000000000a05d     0x157f ./Drivers/STM32F1xx_HAL_Driver/Src/stm32f1xx_hal_tim_ex.o

.debug_abbrev   0x0000000000000000     0x2043
 .debug_abbrev  0x0000000000000000      0x177 ./Core/Src/button.o
 .debug_abbrev  0x0000000000000177       0xb6 ./Core/Src/fsm_automatic.o
 .debug_abbrev  0x000000000000022d       0xc5 ./Core/Src/fsm_manual.o
 .debug_abbrev  0x00000000000002f2       0xa9 ./Core/Src/global.o
 .debug_abbrev  0x000000000000039b      0x172 ./Core/Src/led.o
 .debug_abbrev  0x000000000000050d      0x298 ./Core/Src/main.o
 .debug_abbrev  0x00000000000007a5      0x24c ./Core/Src/scheduler.o
 .debug_abbrev  0x00000000000009f1       0xf1 ./Core/Src/software_timer.o
 .debug_abbrev  0x0000000000000ae2      0x1b7 ./Core/Src/stm32f1xx_hal_msp.o
 .debug_abbrev  0x0000000000000c99      0x176 ./Core/Src/stm32f1xx_it.o
 .debug_abbrev  0x0000000000000e0f      0x1bf ./Core/Src/sysmem.o
 .debug_abbrev  0x0000000000000fce      0x14e ./Core/Src/system_stm32f1xx.o
 .debug_abbrev  0x000000000000111c       0xf6 ./Core/Src/traffic_light.o
 .debug_abbrev  0x0000000000001212       0x12 ./Core/Startup/startup_stm32f103c6ux.o
 .debug_abbrev  0x0000000000001224      0x1ed ./Drivers/STM32F1xx_HAL_Driver/Src/stm32f1xx_hal.o
 .debug_abbrev  0x0000000000001411      0x313 ./Drivers/STM32F1xx_HAL_Driver/Src/stm32f1xx_hal_cortex.o
 .debug_abbrev  0x0000000000001724      0x1e8 ./Drivers/STM32F1xx_HAL_Driver/Src/stm32f1xx_hal_gpio.o
 .debug_abbrev  0x000000000000190c      0x273 ./Drivers/STM32F1xx_HAL_Driver/Src/stm32f1xx_hal_rcc.o
 .debug_abbrev  0x0000000000001b7f      0x25e ./Drivers/STM32F1xx_HAL_Driver/Src/stm32f1xx_hal_tim.o
 .debug_abbrev  0x0000000000001ddd      0x266 ./Drivers/STM32F1xx_HAL_Driver/Src/stm32f1xx_hal_tim_ex.o

.debug_aranges  0x0000000000000000      0xaf8
 .debug_aranges
                0x0000000000000000       0x30 ./Core/Src/button.o
 .debug_aranges
                0x0000000000000030       0x20 ./Core/Src/fsm_automatic.o
 .debug_aranges
                0x0000000000000050       0x38 ./Core/Src/fsm_manual.o
 .debug_aranges
                0x0000000000000088       0x18 ./Core/Src/global.o
 .debug_aranges
                0x00000000000000a0       0x48 ./Core/Src/led.o
 .debug_aranges
                0x00000000000000e8       0x48 ./Core/Src/main.o
 .debug_aranges
                0x0000000000000130       0x40 ./Core/Src/scheduler.o
 .debug_aranges
                0x0000000000000170       0x30 ./Core/Src/software_timer.o
 .debug_aranges
                0x00000000000001a0       0x30 ./Core/Src/stm32f1xx_hal_msp.o
 .debug_aranges
                0x00000000000001d0       0x68 ./Core/Src/stm32f1xx_it.o
 .debug_aranges
                0x0000000000000238       0x20 ./Core/Src/sysmem.o
 .debug_aranges
                0x0000000000000258       0x28 ./Core/Src/system_stm32f1xx.o
 .debug_aranges
                0x0000000000000280       0x50 ./Core/Src/traffic_light.o
 .debug_aranges
                0x00000000000002d0       0x28 ./Core/Startup/startup_stm32f103c6ux.o
 .debug_aranges
                0x00000000000002f8       0xe0 ./Drivers/STM32F1xx_HAL_Driver/Src/stm32f1xx_hal.o
 .debug_aranges
                0x00000000000003d8      0x100 ./Drivers/STM32F1xx_HAL_Driver/Src/stm32f1xx_hal_cortex.o
 .debug_aranges
                0x00000000000004d8       0x58 ./Drivers/STM32F1xx_HAL_Driver/Src/stm32f1xx_hal_gpio.o
 .debug_aranges
                0x0000000000000530       0x90 ./Drivers/STM32F1xx_HAL_Driver/Src/stm32f1xx_hal_rcc.o
 .debug_aranges
                0x00000000000005c0      0x3d0 ./Drivers/STM32F1xx_HAL_Driver/Src/stm32f1xx_hal_tim.o
 .debug_aranges
                0x0000000000000990      0x168 ./Drivers/STM32F1xx_HAL_Driver/Src/stm32f1xx_hal_tim_ex.o

.debug_ranges   0x0000000000000000      0x9b8
 .debug_ranges  0x0000000000000000       0x20 ./Core/Src/button.o
 .debug_ranges  0x0000000000000020       0x10 ./Core/Src/fsm_automatic.o
 .debug_ranges  0x0000000000000030       0x28 ./Core/Src/fsm_manual.o
 .debug_ranges  0x0000000000000058       0x38 ./Core/Src/led.o
 .debug_ranges  0x0000000000000090       0x38 ./Core/Src/main.o
 .debug_ranges  0x00000000000000c8       0x30 ./Core/Src/scheduler.o
 .debug_ranges  0x00000000000000f8       0x20 ./Core/Src/software_timer.o
 .debug_ranges  0x0000000000000118       0x20 ./Core/Src/stm32f1xx_hal_msp.o
 .debug_ranges  0x0000000000000138       0x58 ./Core/Src/stm32f1xx_it.o
 .debug_ranges  0x0000000000000190       0x10 ./Core/Src/sysmem.o
 .debug_ranges  0x00000000000001a0       0x18 ./Core/Src/system_stm32f1xx.o
 .debug_ranges  0x00000000000001b8       0x40 ./Core/Src/traffic_light.o
 .debug_ranges  0x00000000000001f8       0x20 ./Core/Startup/startup_stm32f103c6ux.o
 .debug_ranges  0x0000000000000218       0xd0 ./Drivers/STM32F1xx_HAL_Driver/Src/stm32f1xx_hal.o
 .debug_ranges  0x00000000000002e8       0xf0 ./Drivers/STM32F1xx_HAL_Driver/Src/stm32f1xx_hal_cortex.o
 .debug_ranges  0x00000000000003d8       0x48 ./Drivers/STM32F1xx_HAL_Driver/Src/stm32f1xx_hal_gpio.o
 .debug_ranges  0x0000000000000420       0x80 ./Drivers/STM32F1xx_HAL_Driver/Src/stm32f1xx_hal_rcc.o
 .debug_ranges  0x00000000000004a0      0x3c0 ./Drivers/STM32F1xx_HAL_Driver/Src/stm32f1xx_hal_tim.o
 .debug_ranges  0x0000000000000860      0x158 ./Drivers/STM32F1xx_HAL_Driver/Src/stm32f1xx_hal_tim_ex.o

.debug_macro    0x0000000000000000    0x17c76
 .debug_macro   0x0000000000000000      0x1bb ./Core/Src/button.o
 .debug_macro   0x00000000000001bb      0xa9c ./Core/Src/button.o
 .debug_macro   0x0000000000000c57      0x215 ./Core/Src/button.o
 .debug_macro   0x0000000000000e6c       0x2e ./Core/Src/button.o
 .debug_macro   0x0000000000000e9a       0x22 ./Core/Src/button.o
 .debug_macro   0x0000000000000ebc       0x22 ./Core/Src/button.o
 .debug_macro   0x0000000000000ede       0x8e ./Core/Src/button.o
 .debug_macro   0x0000000000000f6c       0x51 ./Core/Src/button.o
 .debug_macro   0x0000000000000fbd      0x103 ./Core/Src/button.o
 .debug_macro   0x00000000000010c0       0x6a ./Core/Src/button.o
 .debug_macro   0x000000000000112a      0x1df ./Core/Src/button.o
 .debug_macro   0x0000000000001309       0x1c ./Core/Src/button.o
 .debug_macro   0x0000000000001325       0x22 ./Core/Src/button.o
 .debug_macro   0x0000000000001347       0xc3 ./Core/Src/button.o
 .debug_macro   0x000000000000140a      0xd23 ./Core/Src/button.o
 .debug_macro   0x000000000000212d     0xde75 ./Core/Src/button.o
 .debug_macro   0x000000000000ffa2       0x6d ./Core/Src/button.o
 .debug_macro   0x000000000001000f     0x34a2 ./Core/Src/button.o
 .debug_macro   0x00000000000134b1      0x174 ./Core/Src/button.o
 .debug_macro   0x0000000000013625       0x5c ./Core/Src/button.o
 .debug_macro   0x0000000000013681      0x5bc ./Core/Src/button.o
 .debug_macro   0x0000000000013c3d      0x1b7 ./Core/Src/button.o
 .debug_macro   0x0000000000013df4      0x1cb ./Core/Src/button.o
 .debug_macro   0x0000000000013fbf      0x114 ./Core/Src/button.o
 .debug_macro   0x00000000000140d3      0x1b2 ./Core/Src/button.o
 .debug_macro   0x0000000000014285       0x27 ./Core/Src/button.o
 .debug_macro   0x00000000000142ac      0x12f ./Core/Src/button.o
 .debug_macro   0x00000000000143db      0x1bc ./Core/Src/button.o
 .debug_macro   0x0000000000014597       0x34 ./Core/Src/button.o
 .debug_macro   0x00000000000145cb       0x3c ./Core/Src/button.o
 .debug_macro   0x0000000000014607       0x57 ./Core/Src/button.o
 .debug_macro   0x000000000001465e       0x87 ./Core/Src/button.o
 .debug_macro   0x00000000000146e5      0x183 ./Core/Src/button.o
 .debug_macro   0x0000000000014868      0x140 ./Core/Src/button.o
 .debug_macro   0x00000000000149a8      0x8ed ./Core/Src/button.o
 .debug_macro   0x0000000000015295       0x69 ./Core/Src/button.o
 .debug_macro   0x00000000000152fe       0x70 ./Core/Src/button.o
 .debug_macro   0x000000000001536e       0x10 ./Core/Src/button.o
 .debug_macro   0x000000000001537e      0x1f3 ./Core/Src/fsm_automatic.o
 .debug_macro   0x0000000000015571       0x16 ./Core/Src/fsm_automatic.o
 .debug_macro   0x0000000000015587       0x16 ./Core/Src/fsm_automatic.o
 .debug_macro   0x000000000001559d       0x5e ./Core/Src/fsm_automatic.o
 .debug_macro   0x00000000000155fb      0x1f3 ./Core/Src/fsm_manual.o
 .debug_macro   0x00000000000157ee      0x1db ./Core/Src/global.o
 .debug_macro   0x00000000000159c9      0x1df ./Core/Src/led.o
 .debug_macro   0x0000000000015ba8      0x2d4 ./Core/Src/main.o
 .debug_macro   0x0000000000015e7c       0x18 ./Core/Src/main.o
 .debug_macro   0x0000000000015e94       0x52 ./Core/Src/main.o
 .debug_macro   0x0000000000015ee6       0x3c ./Core/Src/main.o
 .debug_macro   0x0000000000015f22       0x34 ./Core/Src/main.o
 .debug_macro   0x0000000000015f56       0x16 ./Core/Src/main.o
 .debug_macro   0x0000000000015f6c       0x35 ./Core/Src/main.o
 .debug_macro   0x0000000000015fa1       0x16 ./Core/Src/main.o
 .debug_macro   0x0000000000015fb7       0x43 ./Core/Src/main.o
 .debug_macro   0x0000000000015ffa       0x34 ./Core/Src/main.o
 .debug_macro   0x000000000001602e       0x10 ./Core/Src/main.o
 .debug_macro   0x000000000001603e       0x58 ./Core/Src/main.o
 .debug_macro   0x0000000000016096       0x71 ./Core/Src/main.o
 .debug_macro   0x0000000000016107       0x1c ./Core/Src/main.o
 .debug_macro   0x0000000000016123      0x12a ./Core/Src/main.o
 .debug_macro   0x000000000001624d      0x333 ./Core/Src/main.o
 .debug_macro   0x0000000000016580       0x16 ./Core/Src/main.o
 .debug_macro   0x0000000000016596       0x29 ./Core/Src/main.o
 .debug_macro   0x00000000000165bf       0x16 ./Core/Src/main.o
 .debug_macro   0x00000000000165d5      0x27b ./Core/Src/scheduler.o
 .debug_macro   0x0000000000016850       0x1a ./Core/Src/software_timer.o
 .debug_macro   0x000000000001686a      0x1a6 ./Core/Src/stm32f1xx_hal_msp.o
 .debug_macro   0x0000000000016a10      0x1b0 ./Core/Src/stm32f1xx_it.o
 .debug_macro   0x0000000000016bc0       0xff ./Core/Src/sysmem.o
 .debug_macro   0x0000000000016cbf      0x23b ./Core/Src/sysmem.o
 .debug_macro   0x0000000000016efa      0x197 ./Core/Src/system_stm32f1xx.o
 .debug_macro   0x0000000000017091      0x1b9 ./Core/Src/traffic_light.o
 .debug_macro   0x000000000001724a      0x1bb ./Drivers/STM32F1xx_HAL_Driver/Src/stm32f1xx_hal.o
 .debug_macro   0x0000000000017405      0x197 ./Drivers/STM32F1xx_HAL_Driver/Src/stm32f1xx_hal_cortex.o
 .debug_macro   0x000000000001759c      0x202 ./Drivers/STM32F1xx_HAL_Driver/Src/stm32f1xx_hal_gpio.o
 .debug_macro   0x000000000001779e      0x1a9 ./Drivers/STM32F1xx_HAL_Driver/Src/stm32f1xx_hal_rcc.o
 .debug_macro   0x0000000000017947      0x198 ./Drivers/STM32F1xx_HAL_Driver/Src/stm32f1xx_hal_tim.o
 .debug_macro   0x0000000000017adf      0x197 ./Drivers/STM32F1xx_HAL_Driver/Src/stm32f1xx_hal_tim_ex.o

.debug_line     0x0000000000000000     0xcfde
 .debug_line    0x0000000000000000      0x70e ./Core/Src/button.o
 .debug_line    0x000000000000070e      0x7c0 ./Core/Src/fsm_automatic.o
 .debug_line    0x0000000000000ece      0x84f ./Core/Src/fsm_manual.o
 .debug_line    0x000000000000171d      0x67d ./Core/Src/global.o
 .debug_line    0x0000000000001d9a      0x7be ./Core/Src/led.o
 .debug_line    0x0000000000002558      0x940 ./Core/Src/main.o
 .debug_line    0x0000000000002e98      0x929 ./Core/Src/scheduler.o
 .debug_line    0x00000000000037c1       0xdc ./Core/Src/software_timer.o
 .debug_line    0x000000000000389d      0x695 ./Core/Src/stm32f1xx_hal_msp.o
 .debug_line    0x0000000000003f32      0x733 ./Core/Src/stm32f1xx_it.o
 .debug_line    0x0000000000004665      0x4e9 ./Core/Src/sysmem.o
 .debug_line    0x0000000000004b4e      0x6d7 ./Core/Src/system_stm32f1xx.o
 .debug_line    0x0000000000005225      0x73d ./Core/Src/traffic_light.o
 .debug_line    0x0000000000005962       0x86 ./Core/Startup/startup_stm32f103c6ux.o
 .debug_line    0x00000000000059e8      0x904 ./Drivers/STM32F1xx_HAL_Driver/Src/stm32f1xx_hal.o
 .debug_line    0x00000000000062ec      0xaec ./Drivers/STM32F1xx_HAL_Driver/Src/stm32f1xx_hal_cortex.o
 .debug_line    0x0000000000006dd8      0x987 ./Drivers/STM32F1xx_HAL_Driver/Src/stm32f1xx_hal_gpio.o
 .debug_line    0x000000000000775f      0xd10 ./Drivers/STM32F1xx_HAL_Driver/Src/stm32f1xx_hal_rcc.o
 .debug_line    0x000000000000846f     0x3355 ./Drivers/STM32F1xx_HAL_Driver/Src/stm32f1xx_hal_tim.o
 .debug_line    0x000000000000b7c4     0x181a ./Drivers/STM32F1xx_HAL_Driver/Src/stm32f1xx_hal_tim_ex.o

.debug_str      0x0000000000000000    0x85b3c
 .debug_str     0x0000000000000000    0x7f680 ./Core/Src/button.o
                                      0x7f9e4 (size before relaxing)
 .debug_str     0x000000000007f680      0x1ef ./Core/Src/fsm_automatic.o
                                      0x7fae6 (size before relaxing)
 .debug_str     0x000000000007f86f       0x4c ./Core/Src/fsm_manual.o
                                      0x7fb04 (size before relaxing)
 .debug_str     0x000000000007f8bb       0x15 ./Core/Src/global.o
                                      0x7fa9a (size before relaxing)
 .debug_str     0x000000000007f8d0       0x8f ./Core/Src/led.o
                                      0x7fb45 (size before relaxing)
 .debug_str     0x000000000007f95f     0x3940 ./Core/Src/main.o
                                      0x83581 (size before relaxing)
 .debug_str     0x000000000008329f       0x9f ./Core/Src/scheduler.o
                                      0x82c4b (size before relaxing)
 .debug_str     0x000000000008333e       0x58 ./Core/Src/software_timer.o
                                       0x2dd7 (size before relaxing)
 .debug_str     0x0000000000083396      0x2ba ./Core/Src/stm32f1xx_hal_msp.o
                                      0x800c8 (size before relaxing)
 .debug_str     0x0000000000083650       0xcd ./Core/Src/stm32f1xx_it.o
                                      0x7fe2a (size before relaxing)
 .debug_str     0x000000000008371d      0x4e9 ./Core/Src/sysmem.o
                                       0x623a (size before relaxing)
 .debug_str     0x0000000000083c06       0x52 ./Core/Src/system_stm32f1xx.o
                                      0x7f75a (size before relaxing)
 .debug_str     0x0000000000083c58       0x6b ./Core/Src/traffic_light.o
                                      0x7f980 (size before relaxing)
 .debug_str     0x0000000000083cc3       0x36 ./Core/Startup/startup_stm32f103c6ux.o
                                         0x4e (size before relaxing)
 .debug_str     0x0000000000083cf9      0x304 ./Drivers/STM32F1xx_HAL_Driver/Src/stm32f1xx_hal.o
                                      0x7fdb1 (size before relaxing)
 .debug_str     0x0000000000083ffd      0x300 ./Drivers/STM32F1xx_HAL_Driver/Src/stm32f1xx_hal_cortex.o
                                      0x7fdb9 (size before relaxing)
 .debug_str     0x00000000000842fd      0x324 ./Drivers/STM32F1xx_HAL_Driver/Src/stm32f1xx_hal_gpio.o
                                      0x7fb1e (size before relaxing)
 .debug_str     0x0000000000084621      0x24f ./Drivers/STM32F1xx_HAL_Driver/Src/stm32f1xx_hal_rcc.o
                                      0x7fb57 (size before relaxing)
 .debug_str     0x0000000000084870      0xdde ./Drivers/STM32F1xx_HAL_Driver/Src/stm32f1xx_hal_tim.o
                                      0x80b40 (size before relaxing)
 .debug_str     0x000000000008564e      0x4ee ./Drivers/STM32F1xx_HAL_Driver/Src/stm32f1xx_hal_tim_ex.o
                                      0x802e1 (size before relaxing)

.comment        0x0000000000000000       0x53
 .comment       0x0000000000000000       0x53 ./Core/Src/button.o
                                         0x54 (size before relaxing)
 .comment       0x0000000000000053       0x54 ./Core/Src/fsm_automatic.o
 .comment       0x0000000000000053       0x54 ./Core/Src/fsm_manual.o
 .comment       0x0000000000000053       0x54 ./Core/Src/global.o
 .comment       0x0000000000000053       0x54 ./Core/Src/led.o
 .comment       0x0000000000000053       0x54 ./Core/Src/main.o
 .comment       0x0000000000000053       0x54 ./Core/Src/scheduler.o
 .comment       0x0000000000000053       0x54 ./Core/Src/software_timer.o
 .comment       0x0000000000000053       0x54 ./Core/Src/stm32f1xx_hal_msp.o
 .comment       0x0000000000000053       0x54 ./Core/Src/stm32f1xx_it.o
 .comment       0x0000000000000053       0x54 ./Core/Src/sysmem.o
 .comment       0x0000000000000053       0x54 ./Core/Src/system_stm32f1xx.o
 .comment       0x0000000000000053       0x54 ./Core/Src/traffic_light.o
 .comment       0x0000000000000053       0x54 ./Drivers/STM32F1xx_HAL_Driver/Src/stm32f1xx_hal.o
 .comment       0x0000000000000053       0x54 ./Drivers/STM32F1xx_HAL_Driver/Src/stm32f1xx_hal_cortex.o
 .comment       0x0000000000000053       0x54 ./Drivers/STM32F1xx_HAL_Driver/Src/stm32f1xx_hal_gpio.o
 .comment       0x0000000000000053       0x54 ./Drivers/STM32F1xx_HAL_Driver/Src/stm32f1xx_hal_rcc.o
 .comment       0x0000000000000053       0x54 ./Drivers/STM32F1xx_HAL_Driver/Src/stm32f1xx_hal_tim.o
 .comment       0x0000000000000053       0x54 ./Drivers/STM32F1xx_HAL_Driver/Src/stm32f1xx_hal_tim_ex.o

.debug_frame    0x0000000000000000     0x2c48
 .debug_frame   0x0000000000000000       0x84 ./Core/Src/button.o
 .debug_frame   0x0000000000000084       0x30 ./Core/Src/fsm_automatic.o
 .debug_frame   0x00000000000000b4       0x80 ./Core/Src/fsm_manual.o
 .debug_frame   0x0000000000000134       0xe0 ./Core/Src/led.o
 .debug_frame   0x0000000000000214       0xd4 ./Core/Src/main.o
 .debug_frame   0x00000000000002e8       0xc0 ./Core/Src/scheduler.o
 .debug_frame   0x00000000000003a8       0x88 ./Core/Src/software_timer.o
 .debug_frame   0x0000000000000430       0x80 ./Core/Src/stm32f1xx_hal_msp.o
 .debug_frame   0x00000000000004b0      0x120 ./Core/Src/stm32f1xx_it.o
 .debug_frame   0x00000000000005d0       0x34 ./Core/Src/sysmem.o
 .debug_frame   0x0000000000000604       0x58 ./Core/Src/system_stm32f1xx.o
 .debug_frame   0x000000000000065c       0xd4 ./Core/Src/traffic_light.o
 .debug_frame   0x0000000000000730      0x334 ./Drivers/STM32F1xx_HAL_Driver/Src/stm32f1xx_hal.o
 .debug_frame   0x0000000000000a64      0x428 ./Drivers/STM32F1xx_HAL_Driver/Src/stm32f1xx_hal_cortex.o
 .debug_frame   0x0000000000000e8c      0x14c ./Drivers/STM32F1xx_HAL_Driver/Src/stm32f1xx_hal_gpio.o
 .debug_frame   0x0000000000000fd8      0x218 ./Drivers/STM32F1xx_HAL_Driver/Src/stm32f1xx_hal_rcc.o
 .debug_frame   0x00000000000011f0     0x11b4 ./Drivers/STM32F1xx_HAL_Driver/Src/stm32f1xx_hal_tim.o
 .debug_frame   0x00000000000023a4      0x638 ./Drivers/STM32F1xx_HAL_Driver/Src/stm32f1xx_hal_tim_ex.o
 .debug_frame   0x00000000000029dc       0x20 d:/stm32cubeide_1.7.0/stm32cubeide/plugins/com.st.stm32cube.ide.mcu.externaltools.gnu-tools-for-stm32.9-2020-q2-update.win32_2.0.0.202105311346/tools/bin/../lib/gcc/arm-none-eabi/9.3.1/../../../../arm-none-eabi/lib/thumb/v7-m/nofp\libc_nano.a(lib_a-errno.o)
 .debug_frame   0x00000000000029fc       0x2c d:/stm32cubeide_1.7.0/stm32cubeide/plugins/com.st.stm32cube.ide.mcu.externaltools.gnu-tools-for-stm32.9-2020-q2-update.win32_2.0.0.202105311346/tools/bin/../lib/gcc/arm-none-eabi/9.3.1/../../../../arm-none-eabi/lib/thumb/v7-m/nofp\libc_nano.a(lib_a-init.o)
 .debug_frame   0x0000000000002a28       0x30 d:/stm32cubeide_1.7.0/stm32cubeide/plugins/com.st.stm32cube.ide.mcu.externaltools.gnu-tools-for-stm32.9-2020-q2-update.win32_2.0.0.202105311346/tools/bin/../lib/gcc/arm-none-eabi/9.3.1/../../../../arm-none-eabi/lib/thumb/v7-m/nofp\libc_nano.a(lib_a-malloc.o)
 .debug_frame   0x0000000000002a58       0x20 d:/stm32cubeide_1.7.0/stm32cubeide/plugins/com.st.stm32cube.ide.mcu.externaltools.gnu-tools-for-stm32.9-2020-q2-update.win32_2.0.0.202105311346/tools/bin/../lib/gcc/arm-none-eabi/9.3.1/../../../../arm-none-eabi/lib/thumb/v7-m/nofp\libc_nano.a(lib_a-memset.o)
 .debug_frame   0x0000000000002a78       0x38 d:/stm32cubeide_1.7.0/stm32cubeide/plugins/com.st.stm32cube.ide.mcu.externaltools.gnu-tools-for-stm32.9-2020-q2-update.win32_2.0.0.202105311346/tools/bin/../lib/gcc/arm-none-eabi/9.3.1/../../../../arm-none-eabi/lib/thumb/v7-m/nofp\libc_nano.a(lib_a-nano-freer.o)
 .debug_frame   0x0000000000002ab0       0x30 d:/stm32cubeide_1.7.0/stm32cubeide/plugins/com.st.stm32cube.ide.mcu.externaltools.gnu-tools-for-stm32.9-2020-q2-update.win32_2.0.0.202105311346/tools/bin/../lib/gcc/arm-none-eabi/9.3.1/../../../../arm-none-eabi/lib/thumb/v7-m/nofp\libc_nano.a(lib_a-nano-mallocr.o)
 .debug_frame   0x0000000000002ae0       0x2c d:/stm32cubeide_1.7.0/stm32cubeide/plugins/com.st.stm32cube.ide.mcu.externaltools.gnu-tools-for-stm32.9-2020-q2-update.win32_2.0.0.202105311346/tools/bin/../lib/gcc/arm-none-eabi/9.3.1/../../../../arm-none-eabi/lib/thumb/v7-m/nofp\libc_nano.a(lib_a-sbrkr.o)
 .debug_frame   0x0000000000002b0c       0x30 d:/stm32cubeide_1.7.0/stm32cubeide/plugins/com.st.stm32cube.ide.mcu.externaltools.gnu-tools-for-stm32.9-2020-q2-update.win32_2.0.0.202105311346/tools/bin/../lib/gcc/arm-none-eabi/9.3.1/../../../../arm-none-eabi/lib/thumb/v7-m/nofp\libc_nano.a(lib_a-mlock.o)
 .debug_frame   0x0000000000002b3c       0x5c d:/stm32cubeide_1.7.0/stm32cubeide/plugins/com.st.stm32cube.ide.mcu.externaltools.gnu-tools-for-stm32.9-2020-q2-update.win32_2.0.0.202105311346/tools/bin/../lib/gcc/arm-none-eabi/9.3.1/../../../../arm-none-eabi/lib/thumb/v7-m/nofp\libc_nano.a(lib_a-reent.o)
 .debug_frame   0x0000000000002b98       0xb0 d:/stm32cubeide_1.7.0/stm32cubeide/plugins/com.st.stm32cube.ide.mcu.externaltools.gnu-tools-for-stm32.9-2020-q2-update.win32_2.0.0.202105311346/tools/bin/../lib/gcc/arm-none-eabi/9.3.1/../../../../arm-none-eabi/lib/thumb/v7-m/nofp\libc_nano.a(lib_a-lock.o)
